\BOOKMARK [1][-]{section.1}{\376\377\000I\000n\000t\000r\000o\000d\000u\000c\000t\000i\000o\000n}{}% 1
\BOOKMARK [1][-]{section.2}{\376\377\000S\000e\000c\000o\000n\000d\000\040\000Q\000u\000a\000n\000t\000i\000z\000a\000t\000i\000o\000n}{}% 2
\BOOKMARK [2][-]{subsection.2.1}{\376\377\000P\000r\000i\000n\000c\000i\000p\000l\000e\000s\000\040\000o\000f\000\040\000q\000u\000a\000n\000t\000u\000m\000\040\000m\000e\000c\000h\000a\000n\000i\000c\000s}{section.2}% 3
\BOOKMARK [2][-]{subsection.2.2}{\376\377\000C\000a\000n\000o\000n\000i\000c\000a\000l\000\040\000a\000n\000d\000\040\000g\000r\000a\000n\000d\000\040\000c\000a\000n\000o\000n\000i\000c\000a\000l\000\040\000p\000i\000c\000t\000u\000r\000e\000s}{section.2}% 4
\BOOKMARK [2][-]{subsection.2.3}{\376\377\000O\000n\000e\000-\000p\000a\000r\000t\000i\000c\000l\000e\000\040\000d\000e\000n\000s\000i\000t\000y\000\040\000m\000a\000t\000r\000i\000c\000e\000s}{section.2}% 5
\BOOKMARK [2][-]{subsection.2.4}{\376\377\000B\000o\000g\000o\000l\000u\000b\000o\000v\000\040\000t\000r\000a\000n\000s\000f\000o\000r\000m\000a\000t\000i\000o\000n\000s\000\040\000a\000n\000d\000\040\000q\000u\000a\000s\000i\000-\000f\000r\000e\000e\000\040\000p\000u\000r\000e\000\040\000s\000t\000a\000t\000e\000s}{section.2}% 6
\BOOKMARK [2][-]{subsection.2.5}{\376\377\000Q\000u\000a\000d\000r\000a\000t\000i\000c\000\040\000h\000a\000m\000i\000l\000t\000o\000n\000i\000a\000n\000s}{section.2}% 7
\BOOKMARK [1][-]{section.3}{\376\377\000P\000e\000r\000t\000u\000r\000b\000a\000t\000i\000o\000n\000\040\000T\000h\000e\000o\000r\000y}{}% 8
\BOOKMARK [2][-]{subsection.3.1}{\376\377\000A\000\040\000t\000o\000y\000\040\000m\000o\000d\000e\000l\000:\000\040\000b\000o\000s\000o\000n\000i\000c\000\040\000e\000x\000p\000e\000c\000t\000a\000t\000i\000o\000n\000s}{section.3}% 9
\BOOKMARK [2][-]{subsection.3.2}{\376\377\000G\000r\000a\000s\000s\000m\000a\000n\000n\000\040\000i\000n\000t\000e\000g\000r\000a\000l\000s\000\040\000a\000n\000d\000\040\000f\000e\000r\000m\000i\000o\000n\000i\000c\000\040\000e\000x\000p\000e\000c\000t\000a\000t\000i\000o\000n\000s}{section.3}% 10
\BOOKMARK [2][-]{subsection.3.3}{\376\377\000P\000e\000r\000t\000u\000r\000b\000a\000t\000i\000v\000e\000\040\000s\000e\000r\000i\000e\000s\000\040\000a\000n\000d\000\040\000F\000e\000y\000n\000m\000a\000n\000\040\000d\000i\000a\000g\000r\000a\000m\000s}{section.3}% 11
\BOOKMARK [1][-]{section.4}{\376\377\000G\000r\000o\000u\000n\000d\000\040\000s\000t\000a\000t\000e\000\040\000e\000n\000e\000r\000g\000y\000\040\000i\000n\000\040\000t\000h\000e\000\040\000m\000e\000a\000n\000\040\000f\000i\000e\000l\000d\000\040\000l\000i\000m\000i\000t}{}% 12
\BOOKMARK [2][-]{subsection.4.1}{\376\377\000E\000x\000p\000l\000i\000c\000i\000t\000\040\000c\000a\000l\000c\000u\000l\000a\000t\000i\000o\000n\000\040\000a\000t\000\040\000s\000e\000c\000o\000n\000d\000\040\000o\000r\000d\000e\000r}{section.4}% 13
\BOOKMARK [2][-]{subsection.4.2}{\376\377\000M\000e\000a\000n\000\040\000f\000i\000e\000l\000d\000\040\000s\000c\000a\000l\000i\000n\000g}{section.4}% 14
\BOOKMARK [2][-]{subsection.4.3}{\376\377\000O\000n\000\040\000h\000i\000g\000h\000e\000r\000\040\000o\000r\000d\000e\000r\000s\000\040\000i\000n\000\040\000p\000e\000r\000t\000u\000r\000b\000a\000t\000i\000o\000n\000\040\000t\000h\000e\000o\000r\000y}{section.4}% 15
\BOOKMARK [1][-]{appendix.A}{\376\377\000M\000o\000r\000e\000\040\000a\000b\000o\000u\000t\000\040\000H\000i\000l\000b\000e\000r\000t\000\040\000s\000p\000a\000c\000e\000s}{}% 16
\BOOKMARK [2][-]{subsection.A.1}{\376\377\000S\000p\000e\000c\000i\000a\000l\000\040\000o\000p\000e\000r\000a\000t\000o\000r\000s}{appendix.A}% 17
\BOOKMARK [2][-]{subsection.A.2}{\376\377\000D\000i\000r\000e\000c\000t\000\040\000s\000u\000m\000s\000\040\000a\000n\000d\000\040\000t\000e\000n\000s\000o\000r\000\040\000p\000r\000o\000d\000u\000c\000t\000s\000\040\000o\000f\000\040\000H\000i\000l\000b\000e\000r\000t\000\040\000s\000p\000a\000c\000e\000s}{appendix.A}% 18
\BOOKMARK [1][-]{appendix.B}{\376\377\000I\000n\000t\000e\000g\000r\000a\000t\000i\000o\000n\000\040\000o\000f\000\040\000o\000p\000e\000r\000a\000t\000o\000r\000-\000v\000a\000l\000u\000e\000d\000\040\000f\000u\000n\000c\000t\000i\000o\000n\000s}{}% 19
\BOOKMARK [1][-]{appendix.C}{\376\377\000M\000a\000t\000s\000u\000b\000a\000r\000a\000\040\000F\000r\000e\000q\000u\000e\000n\000c\000i\000e\000s}{}% 20
